{
  "Request": "Will you please add an appointment with Jerri Skinner at 9 am?  I need it to last 2 hours",
  "Result": {
    "EventActions": [
      {
        "Action": "AddEventAction",
        "Day": "2023-07-20T08:00:00+02:00",
        "TimeRange": {
          "StartTime": "2023-07-20T09:00:00+02:00",
          "EndTime": "2023-07-20T11:00:00+02:00"
        },
        "Description": "Appointment with Jerri Skinner",
        "Location": null,
        "Participants": [
          "Jerri Skinner"
        ]
      }
    ]
  }
}
