{
  "Request": "Suche nach einem Treffen mit Gavin in dieser Woche",
  "Result": {
    "EventActions": [
      {
        "Action": "FindEventsAction",
        "Day": "2023-07-20T09:00:00+02:00",
        "TimeRange": {
          "StartTime": "2023-07-24T00:00:00+02:00",
          "EndTime": null
        },
        "Description": "Suche nach einem Treffen mit Gavin",
        "Location": null,
        "Participants": [
          "Gavin"
        ]
      }
    ]
  }
}
