{
  "Request": "            BARMER - 73523 Schwäbisch Gmünd \n\nHerrn \nOliver Schmidt \nDaimlerstr. 3 \n67346 Speyer \n\nVielen Dank für Ihr Vertrauen \n\nSehr geehrter Herr Schmidt, \n\nIch bin persönlich für Sie erreichbar: \nThorsten Tapenko \nTel \n0800 333004 405-601 *) \nFax 0800 333004 405-649 *) \nthorsten.tapenko@barmer.de \n\nBitte angeben: \nUnser Zeichen \n\nR632538775 \n\nDatum \n\n20.07.2022 \n\nwir freuen uns, dass Sie bei der BARMER versichert bleiben. Bei uns sind Sie bestens aufgehoben. Wir \narbeiten mit erstklassigen Medizinern zusammen und unsere Vorsorge- und Therapieangebote sind \nvielfältig und flexibel. So profitieren Sie von höchster Behandlungsqualität. \n\nWenden Sie sich gern an uns: Natürlich sind wir persönlich oder telefonisch für Ihre Fragen da. Denn \nIhre Gesundheit liegt uns am Herzen - rufen Sie uns einfach an. Oder besuchen Sie uns in Ihrer \nBARMER Geschäftsstelle. Auf Wunsch besuchen wir Sie auch zu Hause. Mit der BARMER-App können \nSie viele Services online nutzen: zum Beispiel Arbeitsunfähigkeitsbescheinigung (AU-Bescheinigung) \nhochladen oder Leistungen beantragen. Mehr dazu unter www.barmer.de/barmer-app. \n\nMit freundlichen Grüßen \n\nThorsten Tapenko \nIhre BARMER \n\nb\n5\n0\n3\nd\nc\n2\n4\nf\n5\n4\n0\n-\n2\nd\nf\n9\n-\n5\n7\n3\n4\n-\n2\ne\n9\n3\n-\nd\ne\nb\na\nd\ne\n3\nd\n\n4\nO\nV\n\\\n\n0\n0\n6\n0\n1\n\nPostanschrift \nBARMER \nArmbruststr. 24 \n67346 Speyer \n\nAlles Wichtige online erledigen: \nDer persönliche Mitgliederbereich \nwww.barmer.de/meine-barmer \n\nSchon gewusst? Bei Fragen zum Datenschutz oder Einspruch \ngegen die Datenverarbeitung hilft unser Datenschutzbeauftragter: \ndatenschutz@barmer.de, BARMER, Lichtscheider Str.89, 42285 Wuppertal. \nOder der Bundesbeauftragte für Datenschutz und Informationsfreiheit. \n\nBankverbindung IBAN: DE29 2005 0550 1235 1218 50 BIC: HASPDEHH (Haspa). Weitere Bankkonten: www.barmer.de/bako \n*) Anrufe aus dem deutschen Fest- und Mobilfunknetz sind kostenfrei",
  "Result": {
    "Correspondents": [
      "BARMER",
      "Oliver Schmidt",
      "Thorsten Tapenko"
    ],
    "Subject": "Insurance Continuation",
    "Keywords": "Insurance, BARMER, Health",
    "CreationDate": "2022-07-20T00:00:00+00:00",
    "IBAN": "DE29 2005 0550 1235 1218 50",
    "BIC": "HASPDEHH",
    "DocumentType": "Contract",
    "OrderItems": [],
    "Amount": 0,
    "Currency": "EUR",
    "Persons": [
      "Oliver Schmidt",
      "Thorsten Tapenko"
    ]
  }
}
