{
  "Request": "            MR \n\nBundesministerium \nfür Familie, Senioren, Frauen \nund Jugend \n\nMusterbescheinigung: Nachweis über Nicht-Inanspruchnahme von \nKita/Kindertagespflege/Schule bei Beantragung von Kinderkrankengeld \n\nMit dieser Musterbescheinigung zur Beantragung von Kinderkrankengeld kann bestätigt werden, dass. \neine Betreuungseinrichtung aus Gründen des Infektionsschutzes schließen oder ihren Zugang beschrän- \nken musste. Sollten Krankenkassen einen Nachweis durch die Einrichtung verlangen, kann diese Muster- \nbescheinigung verwendet werden. \n\nHiermit wird bestätigt, dass das Kind \nSchr, Caro \n\n| \n\n: \n\nEn \n\nName, Vorname \n\nEi AoA%E \n\nGeburtsdatum \n\nan folgenden Tagen bzw. im folgenden Zeitraum (ggf. halbtags) \n\nee \n\n_ \n\na \n\nEn aufgrund der Schließung der Betreuungseinrichtung/Schule aus Gründen des Infektionsschutzes \n\n® aufgrund der Untersagung des Betretens der Betreuungseinrichtung/Schule aus Gründen des \n| \n\nInfektionsschutzes \n\n() aufgrund der Anordnung bzw. Verlängerung von Betriebsferien/Schulferien aus Gründen des \n\nInfektionsschutzes \n\n() aufgrund einer Beschränkung des Zugangs zum Kinderbetreuungsangebot aus Gründen des \n\nInfektionsschutzes \n\nen) aufgrund einer Empfehlung von behördlicher Seite, die Betreuungseinrichtung aus Gründen des \n\nInfektionsschutzes nicht zu besuchen \n\nOr aufgrund einer ee der a aus Gründen des Infektionsschutzes \n\nlvech sefv: Am \n\ndie \n\n_ GRUNDSCHULE SPEYER - SIEDLUNGSSCHULE. \n\nName der Kindertageseinrichtung/der Kindertagespflegestelle \n\nnicht besucht hat. \nSpeyer a 2 er F \n\nm Hmm = - \n\nz if luuncıs Schu!e - \n\nmr Igeratst neh \n\nBirkenweg 10 \n\nOrt, D atufm m \n\nee \n\nUnterschrift, Stempel | \n\n07346 Speyer \n\nGrundschule Speyer \n\nDiese Mustervorlage ist Teil der Öffentlichkeitsarbeit der Bundesregierung. Sie dient der Ergänzung des formellen Antrags auf Kinder- \n\nkrankengeld bei einer gesetzlichen Krankenkasse.",
  "Result": {
    "Correspondent": "Bundesministerium für Familie, Senioren, Frauen und Jugend",
    "Subject": "Musterbescheinigung: Nachweis über Nicht-Inanspruchnahme von Kita/Kindertagespflege/Schule bei Beantragung von Kinderkrankengeld",
    "Keywords": "Musterbescheinigung, Kinderkrankengeld, Infektionsschutz, Schließung, Betreuungseinrichtung, Schule",
    "CreationDate": "2022-02-02T00:00:00+00:00",
    "IBAN": "Not Available",
    "BIC": "Not Available",
    "DocumentType": "SickCertificate",
    "OrderItems": [],
    "Amount": 0,
    "Currency": "Not Available",
    "Persons": [
      "Schr, Caro"
    ]
  }
}
