{
  "Request": "Ich nehme vier große Peperoni-Pizzen.Zwei davon mit extra Soße, dazu ein Weizen und ein Pils",
  "Result": {
    "Orders": [
      {
        "Action": "NewOrderAction",
        "OrderItemType": "Pizza",
        "Quantity": 4,
        "Size": "Large",
        "Name": "Peperoni-Pizza",
        "RemovedIngredients": [],
        "AddedIngredients": [
          "extra Soße"
        ]
      },
      {
        "Action": "NewOrderAction",
        "OrderItemType": "Beer",
        "Quantity": 1,
        "Size": "Small",
        "Name": "Weizen",
        "RemovedIngredients": [],
        "AddedIngredients": []
      },
      {
        "Action": "NewOrderAction",
        "OrderItemType": "Beer",
        "Quantity": 1,
        "Size": "Small",
        "Name": "Pils",
        "RemovedIngredients": [],
        "AddedIngredients": []
      }
    ]
  }
}
