{
  "Request": "I'll take two large with pepperoni.  Put olives on one of them. Make the olive a small.  And give me whole Greek plus a Pale Ale and an M&J.",
  "Result": {
    "Orders": [
      {
        "Action": "NewOrderAction",
        "OrderItemType": "Pizza",
        "Quantity": 2,
        "Size": "Large",
        "Name": "Pepperoni Pizza",
        "RemovedIngredients": [],
        "AddedIngredients": [
          "Pepperoni"
        ]
      },
      {
        "Action": "AddIngredientsAction",
        "OrderItemType": "Pizza",
        "Quantity": 1,
        "Size": "Small",
        "Name": "Olive Pizza",
        "RemovedIngredients": [],
        "AddedIngredients": [
          "Olives"
        ]
      },
      {
        "Action": "NewOrderAction",
        "OrderItemType": "Salad",
        "Quantity": 1,
        "Size": "Whole",
        "Name": "Greek Salad",
        "RemovedIngredients": [],
        "AddedIngredients": []
      },
      {
        "Action": "NewOrderAction",
        "OrderItemType": "Beer",
        "Quantity": 1,
        "Size": "Whole",
        "Name": "Pale Ale",
        "RemovedIngredients": [],
        "AddedIngredients": []
      },
      {
        "Action": "NewOrderAction",
        "OrderItemType": "NamedPizza",
        "Quantity": 1,
        "Size": "Whole",
        "Name": "M&J Pizza",
        "RemovedIngredients": [],
        "AddedIngredients": []
      }
    ]
  }
}
